Microchip MPLAB XC8 PIC(R) Assembler V3.10

Linker command line:

-W-3 \
  --edf=C:\Program Files\Microchip\xc8\v3.10\pic\dat\20250813170317_en.msgs \
  -cs -h+dist/default/production\Sem02_Autofantastico.X.production.sym \
  --cmf=dist/default/production\Sem02_Autofantastico.X.production.cmf -z \
  -Q18F47Q10 -oC:\Users\klnla\AppData\Local\Temp\xcAsgzw.0\driver_tmp_3.o \
  --fixupoverflow=error -ver=XC8 PIC(R) Assembler --fixupoverflow=lstwarn \
  -Mdist/default/production/Sem02_Autofantastico.X.production.map -E1 \
  -ACODE=00h-01FFFFh -ACONST=00h-01FFFFh \
  -ASMALLCONST=01000h-010FFhx240,011000h-0110FFhx240 \
  -AMEDIUMCONST=01000h-0FFFFh,011000h-01FFFFh -ACOMRAM=00h-05Fh \
  -AABS1=00h-0CFFh,0E00h-0E1Eh -ABIGRAM=00h-0CFFh,0E00h-0E1Eh \
  -ARAM=060h-0FFh,0100h-01FFhx12,0E00h-0E1Eh -ABANK0=060h-0FFh \
  -ABANK1=0100h-01FFh -ABANK2=0200h-02FFh -ABANK3=0300h-03FFh \
  -ABANK4=0400h-04FFh -ABANK5=0500h-05FFh -ABANK6=0600h-06FFh \
  -ABANK7=0700h-07FFh -ABANK8=0800h-08FFh -ABANK9=0900h-09FFh \
  -ABANK10=0A00h-0AFFh -ABANK11=0B00h-0BFFh -ABANK12=0C00h-0CFFh \
  -ABANK14=0E00h-0E1Eh \
  -ASFR=0D00h-0DFFh,0E1Fh-0EFFh,0F00h-0F5Fh,0F60h-0FFFh \
  -ABIGSFR=0D00h-0DFFh,0E1Fh-0FFFh -AIDLOC=0200000h-02000FFh \
  -AEEDATA=0310000h-03103FFh build/default/production/maincode01.o 

Object code version is 3.11

Machine type is 18F47Q10



                Name                               Link     Load   Length Selector   Space Scale
build/default/production/maincode01.o
                config                           300000   300000        C        0       4
                upcino                                0        0      806        0       0

TOTAL           Name                               Link     Load   Length     Space
        CLASS   CODE           
                upcino                                0        0      806         0

        CLASS   CONST          

        CLASS   SMALLCONST     

        CLASS   MEDIUMCONST    

        CLASS   COMRAM         

        CLASS   ABS1           

        CLASS   BIGRAM         

        CLASS   RAM            

        CLASS   BANK0          

        CLASS   BANK1          

        CLASS   BANK2          

        CLASS   BANK3          

        CLASS   BANK4          

        CLASS   BANK5          

        CLASS   BANK6          

        CLASS   BANK7          

        CLASS   BANK8          

        CLASS   BANK9          

        CLASS   BANK10         

        CLASS   BANK11         

        CLASS   BANK12         

        CLASS   BANK14         

        CLASS   SFR            

        CLASS   BIGSFR         

        CLASS   IDLOC          

        CLASS   EEDATA         

        CLASS   CONFIG         
                config                           300000   300000        C         4



SEGMENTS        Name                           Load    Length   Top    Selector   Space  Class



UNUSED ADDRESS RANGES

        Name                Unused          Largest block    Delta
        BANK0            000060-0000FF               A0
        BANK1            000100-0001FF              100
        BANK10           000A00-000AFF              100
        BANK11           000B00-000BFF              100
        BANK12           000C00-000CFF              100
        BANK14           000E00-000E1E               1F
        BANK2            000200-0002FF              100
        BANK3            000300-0003FF              100
        BANK4            000400-0004FF              100
        BANK5            000500-0005FF              100
        BANK6            000600-0006FF              100
        BANK7            000700-0007FF              100
        BANK8            000800-0008FF              100
        BANK9            000900-0009FF              100
        BIGRAM           000806-000CFF              4FA
                         000E00-000E1E               1F
        BIGSFR           000D00-000DFF              100
                         000E1F-000FFF              1E1
        CODE             000806-01FFFF            1F7FA
        COMRAM           000000-00005F               60
        CONST            000806-01FFFF            1F7FA
        EEDATA           310000-3103FF              400
        IDLOC            200000-2000FF              100
        MEDIUMCONST      001000-00FFFF             F000
                         011000-01FFFF             F000
        RAM              000060-000CFF              100
                         000E00-000E1E               1F
        SFR              000D00-000DFF              100
                         000E1F-000FFF               E1
        SMALLCONST       001000-00FFFF              100
                         011000-01FFFF              100

                                  Symbol Table

__H__absolute__ __absolute__ 000000  __Hcode         code         000000
__Hconfig       config       30000C  __Hdata         data         000000
__Hedata        edata        000000  __Hspace_0      (abs)        000806
__Hspace_1      (abs)        000000  __Hspace_3      (abs)        000000
__Hspace_4      (abs)        60000C  __Hudata        udata        000000
__Hudata_acs    udata_acs    000000  __Hudata_bank0  udata_bank0  000000
__Hudata_bank1  udata_bank1  000000  __Hudata_bank10 udata_bank10 000000
__Hudata_bank11 udata_bank11 000000  __Hudata_bank12 udata_bank12 000000
__Hudata_bank14 udata_bank14 000000  __Hudata_bank2  udata_bank2  000000
__Hudata_bank3  udata_bank3  000000  __Hudata_bank4  udata_bank4  000000
__Hudata_bank5  udata_bank5  000000  __Hudata_bank6  udata_bank6  000000
__Hudata_bank7  udata_bank7  000000  __Hudata_bank8  udata_bank8  000000
__Hudata_bank9  udata_bank9  000000  __Hupcino       upcino       000000
__L__absolute__ __absolute__ 000000  __Lcode         code         000000
__Lconfig       config       000000  __Ldata         data         000000
__Ledata        edata        000000  __Lspace_0      (abs)        000000
__Lspace_1      (abs)        000000  __Lspace_3      (abs)        000000
__Lspace_4      (abs)        000000  __Ludata        udata        000000
__Ludata_acs    udata_acs    000000  __Ludata_bank0  udata_bank0  000000
__Ludata_bank1  udata_bank1  000000  __Ludata_bank10 udata_bank10 000000
__Ludata_bank11 udata_bank11 000000  __Ludata_bank12 udata_bank12 000000
__Ludata_bank14 udata_bank14 000000  __Ludata_bank2  udata_bank2  000000
__Ludata_bank3  udata_bank3  000000  __Ludata_bank4  udata_bank4  000000
__Ludata_bank5  udata_bank5  000000  __Ludata_bank6  udata_bank6  000000
__Ludata_bank7  udata_bank7  000000  __Ludata_bank8  udata_bank8  000000
__Ludata_bank9  udata_bank9  000000  __Lupcino       upcino       000000
__S0            (abs)        000000  __S1            (abs)        000000
__S3            (abs)        000000  isa$std         (abs)        000001
isa$xinst       (abs)        000000  
